// Jest Snapshot v1, https://goo.gl/fbAQLP

exports[`MyComponent should render correctly in "debug" mode 1`] = `
<div>
  <WithStyles(ForwardRef(FormControl))
    className="MuiFilledInput-formControl"
    variant="filled"
  >
    <WithStyles(ForwardRef(InputLabel))
      id="demo-simple-select-filled-label"
    >
      Lista de Palabras Embera
    </WithStyles(ForwardRef(InputLabel))>
    <WithStyles(ForwardRef(Select))
      id="demo-simple-select-filled"
      labelId="demo-simple-select-filled-label"
      onChange={[Function]}
      value="Sa buma"
    >
      <WithStyles(ForwardRef(MenuItem))
        key="7dfb4b17-ee73-402b-a643-4c255276e6b0"
        value="Sa buma"
      >
        Sa buma
      </WithStyles(ForwardRef(MenuItem))>
      <WithStyles(ForwardRef(MenuItem))
        key="11888319-c4c6-4438-a963-44489b69b5ac"
        value="Sa ebarisma"
      >
        Sa ebarisma
      </WithStyles(ForwardRef(MenuItem))>
      <WithStyles(ForwardRef(MenuItem))
        key="d1bc4855-561c-4adc-9e6e-c0731fc60515"
        value="Sa kiusma"
      >
        Sa kiusma
      </WithStyles(ForwardRef(MenuItem))>
      <WithStyles(ForwardRef(MenuItem))
        key="21fe3414-eb4d-44c7-9c0b-7ac52845b5da"
        value="biaka"
      >
        biaka
      </WithStyles(ForwardRef(MenuItem))>
      <WithStyles(ForwardRef(MenuItem))
        key="daa57acd-6e26-4362-8bf5-1c54a6ab490d"
        value="Sa pariusma"
      >
        Sa pariusma
      </WithStyles(ForwardRef(MenuItem))>
      <WithStyles(ForwardRef(MenuItem))
        key="eadbd7e9-79cd-4dc1-97d7-75e47bb4aa5a"
        value="Bi-iabuma"
      >
        Bi-iabuma
      </WithStyles(ForwardRef(MenuItem))>
      <WithStyles(ForwardRef(MenuItem))
        key="f3adefa8-9f19-48e7-a1d1-e0caadea8e52"
        value="Bi-iaebarisma"
      >
        Bi-iaebarisma
      </WithStyles(ForwardRef(MenuItem))>
      <WithStyles(ForwardRef(MenuItem))
        key="af862358-e95f-408e-ab3d-8ad5c92ef2df"
        value="Bi-iakiusma"
      >
        Bi-iakiusma
      </WithStyles(ForwardRef(MenuItem))>
      <WithStyles(ForwardRef(MenuItem))
        key="5192742f-e733-47e5-941c-dc5f8357a13d"
        value="Biabu – bi-ia"
      >
        Biabu – bi-ia
      </WithStyles(ForwardRef(MenuItem))>
      <WithStyles(ForwardRef(MenuItem))
        key="cf4816b3-1ebc-4fb4-8e71-67976221bab2"
        value="Bi-iaebarisidamac"
      >
        Bi-iaebarisidamac
      </WithStyles(ForwardRef(MenuItem))>
      <WithStyles(ForwardRef(MenuItem))
        key="d63f65ec-4cdb-4474-8260-71315355d9d0"
        value="Bi-iaebarisidama"
      >
        Bi-iaebarisidama
      </WithStyles(ForwardRef(MenuItem))>
      <WithStyles(ForwardRef(MenuItem))
        key="fff83c64-6c1b-4de4-aedd-e0d8b41ab7c5"
        value="Bi-iakiusidamah"
      >
        Bi-iakiusidamah
      </WithStyles(ForwardRef(MenuItem))>
      <WithStyles(ForwardRef(MenuItem))
        key="18454380-e978-430e-b093-18a4cda9fc20"
        value="Bi-iakiusidama"
      >
        Bi-iakiusidama
      </WithStyles(ForwardRef(MenuItem))>
      <WithStyles(ForwardRef(MenuItem))
        key="e2ae1679-5449-46eb-a7b4-d39eebbbfaff"
        value="Bi-iapariusidamae"
      >
        Bi-iapariusidamae
      </WithStyles(ForwardRef(MenuItem))>
      <WithStyles(ForwardRef(MenuItem))
        key="abc8d401-f2ab-4381-94d1-8226c6fd9a7d"
        value="Bi-iapariusidama"
      >
        Bi-iapariusidama
      </WithStyles(ForwardRef(MenuItem))>
      <WithStyles(ForwardRef(MenuItem))
        key="aad6b36a-b607-4d93-b17c-ef5b69f1c45a"
        value="Bi-iapariusma"
      >
        Bi-iapariusma
      </WithStyles(ForwardRef(MenuItem))>
      <WithStyles(ForwardRef(MenuItem))
        key="d71f2c5d-b5ed-4941-83bd-9dc92bfdcfe5"
        value="Sa duanuma"
      >
        Sa duanuma
      </WithStyles(ForwardRef(MenuItem))>
      <WithStyles(ForwardRef(MenuItem))
        key="af1bfeae-0b37-4ae9-abc8-c81ea8e49045"
        value="Sa ebarisidama"
      >
        Sa ebarisidama
      </WithStyles(ForwardRef(MenuItem))>
      <WithStyles(ForwardRef(MenuItem))
        key="3a9279c4-2b4f-446a-b9d7-482ef450471d"
        value="Sa kiusidama"
      >
        Sa kiusidama
      </WithStyles(ForwardRef(MenuItem))>
      <WithStyles(ForwardRef(MenuItem))
        key="899e87d7-8713-4df2-9c0d-786019caabd0"
        value="Sa pariusidama"
      >
        Sa pariusidama
      </WithStyles(ForwardRef(MenuItem))>
      <WithStyles(ForwardRef(MenuItem))
        key="1c2c71c3-346d-49c2-9449-818d31e4d8a4"
        value="Bi-iaduanuma"
      >
        Bi-iaduanuma
      </WithStyles(ForwardRef(MenuItem))>
      <WithStyles(ForwardRef(MenuItem))
        key="f6c8e148-0a2c-4d2c-94d4-58250cecb2f6"
        value="Mu"
      >
        Mu
      </WithStyles(ForwardRef(MenuItem))>
      <WithStyles(ForwardRef(MenuItem))
        key="cc9afcff-9e9e-4a5e-8884-0e67c3e28e9b"
        value="bu"
      >
        bu
      </WithStyles(ForwardRef(MenuItem))>
      <WithStyles(ForwardRef(MenuItem))
        key="cceeab7b-ae9d-479f-a9c4-bb5d48f55e18"
        value="chani"
      >
        chani
      </WithStyles(ForwardRef(MenuItem))>
      <WithStyles(ForwardRef(MenuItem))
        key="abf701ef-fb51-4203-9122-dea717e5bd91"
        value="jau"
      >
        jau
      </WithStyles(ForwardRef(MenuItem))>
      <WithStyles(ForwardRef(MenuItem))
        key="f535f625-ac8c-43b7-b200-92af454ea2a2"
        value="Buchi – bichi"
      >
        Buchi – bichi
      </WithStyles(ForwardRef(MenuItem))>
      <WithStyles(ForwardRef(MenuItem))
        key="673afa11-1080-425d-ac75-740bdd625abe"
        value="Dachirã- mudairã"
      >
        Dachirã- mudairã
      </WithStyles(ForwardRef(MenuItem))>
      <WithStyles(ForwardRef(MenuItem))
        key="7b7c05f9-5520-47e0-b9d0-32fc7144ef40"
        value="Jara"
      >
        Jara
      </WithStyles(ForwardRef(MenuItem))>
      <WithStyles(ForwardRef(MenuItem))
        key="5dafcc77-48c8-474e-ad19-fe1cc1152bc9"
        value="Jara"
      >
        Jara
      </WithStyles(ForwardRef(MenuItem))>
      <WithStyles(ForwardRef(MenuItem))
        key="6de411cb-4ad3-4c01-847d-b01e141e4529"
        value="Machira"
      >
        Machira
      </WithStyles(ForwardRef(MenuItem))>
      <WithStyles(ForwardRef(MenuItem))
        key="6c8d8a95-7203-4609-8004-4aec659b2c79"
        value="danakidi"
      >
        danakidi
      </WithStyles(ForwardRef(MenuItem))>
      <WithStyles(ForwardRef(MenuItem))
        key="69dc4262-0026-4000-916b-2587ea901fc1"
        value="chacha"
      >
        chacha
      </WithStyles(ForwardRef(MenuItem))>
      <WithStyles(ForwardRef(MenuItem))
        key="e7ac1367-dbe4-4197-8358-ae23857a997a"
        value="akore"
      >
        akore
      </WithStyles(ForwardRef(MenuItem))>
      <WithStyles(ForwardRef(MenuItem))
        key="49f8b79f-76ff-42c5-bab5-3ea8b2dc39ba"
        value="warr"
      >
        warr
      </WithStyles(ForwardRef(MenuItem))>
      <WithStyles(ForwardRef(MenuItem))
        key="1acc83e2-7704-403d-bf6f-35e8fb45c1a3"
        value="abara"
      >
        abara
      </WithStyles(ForwardRef(MenuItem))>
      <WithStyles(ForwardRef(MenuItem))
        key="b82a8c61-bda7-4c71-8c76-2854b3773112"
        value="abara"
      >
        abara
      </WithStyles(ForwardRef(MenuItem))>
      <WithStyles(ForwardRef(MenuItem))
        key="b9f1e2aa-fc19-4d67-8ed0-b6207c7c13c0"
        value="daidira"
      >
        daidira
      </WithStyles(ForwardRef(MenuItem))>
      <WithStyles(ForwardRef(MenuItem))
        key="9c8d7c11-9de2-48d4-83dd-000d2acf1c0c"
        value="daidira"
      >
        daidira
      </WithStyles(ForwardRef(MenuItem))>
      <WithStyles(ForwardRef(MenuItem))
        key="0f659c8e-bf32-4cc6-87fd-51bd50bbbe46"
        value="kau"
      >
        kau
      </WithStyles(ForwardRef(MenuItem))>
      <WithStyles(ForwardRef(MenuItem))
        key="2c187e2b-a5de-4e1a-a0be-7a688ffbfec7"
        value="dana"
      >
        dana
      </WithStyles(ForwardRef(MenuItem))>
      <WithStyles(ForwardRef(MenuItem))
        key="3b7ffbbe-95a3-4c27-a6c1-a10e408412ea"
        value="wãwã"
      >
        wãwã
      </WithStyles(ForwardRef(MenuItem))>
      <WithStyles(ForwardRef(MenuItem))
        key="edbd7c77-061a-4f73-8fa2-37ed084e2c79"
        value="usa"
      >
        usa
      </WithStyles(ForwardRef(MenuItem))>
      <WithStyles(ForwardRef(MenuItem))
        key="ecfacd74-62ae-475b-ac16-7b3ac75e6505"
        value="michii"
      >
        michii
      </WithStyles(ForwardRef(MenuItem))>
      <WithStyles(ForwardRef(MenuItem))
        key="b5bf5476-d2f6-48da-b674-3a6ef72b446c"
        value="eterr"
      >
        eterr
      </WithStyles(ForwardRef(MenuItem))>
      <WithStyles(ForwardRef(MenuItem))
        key="d50516ca-f72a-4170-8265-acc657e820eb"
        value="eterrmukira"
      >
        eterrmukira
      </WithStyles(ForwardRef(MenuItem))>
      <WithStyles(ForwardRef(MenuItem))
        key="ea525e41-3de0-49a3-81fc-d2167f266262"
        value="mura"
      >
        mura
      </WithStyles(ForwardRef(MenuItem))>
      <WithStyles(ForwardRef(MenuItem))
        key="8bd4a49d-53f2-4a8b-b89e-e65afc112e6c"
        value="paka"
      >
        paka
      </WithStyles(ForwardRef(MenuItem))>
      <WithStyles(ForwardRef(MenuItem))
        key="88455f53-e790-4595-9697-66aa1b02dd7b"
        value="patu"
      >
        patu
      </WithStyles(ForwardRef(MenuItem))>
      <WithStyles(ForwardRef(MenuItem))
        key="4918ebcb-91ae-4653-94be-73f052e3fe9d"
        value="sina"
      >
        sina
      </WithStyles(ForwardRef(MenuItem))>
      <WithStyles(ForwardRef(MenuItem))
        key="4be202bb-ce71-480c-8873-8e3f58c1d145"
        value="kurijia"
      >
        kurijia
      </WithStyles(ForwardRef(MenuItem))>
      <WithStyles(ForwardRef(MenuItem))
        key="306036f9-1967-4597-a79c-b4d3be1ed6af"
        value="beda"
      >
        beda
      </WithStyles(ForwardRef(MenuItem))>
      <WithStyles(ForwardRef(MenuItem))
        key="9a6692e3-568f-4698-8259-d21b2cfbf6ec"
        value="urkudu-kurruju"
      >
        urkudu-kurruju
      </WithStyles(ForwardRef(MenuItem))>
      <WithStyles(ForwardRef(MenuItem))
        key="5cf90f88-c70a-489d-af6e-4f2c6b66fd1b"
        value="sokae"
      >
        sokae
      </WithStyles(ForwardRef(MenuItem))>
      <WithStyles(ForwardRef(MenuItem))
        key="cf6ac45e-3240-46ee-9081-5a57f9a3da75"
        value="uri"
      >
        uri
      </WithStyles(ForwardRef(MenuItem))>
      <WithStyles(ForwardRef(MenuItem))
        key="647822e4-a703-43f5-ac0f-e345137afb2e"
        value="arkita"
      >
        arkita
      </WithStyles(ForwardRef(MenuItem))>
      <WithStyles(ForwardRef(MenuItem))
        key="f0bd0bb0-5612-47ca-a472-e880bbef13fb"
        value="ukana"
      >
        ukana
      </WithStyles(ForwardRef(MenuItem))>
      <WithStyles(ForwardRef(MenuItem))
        key="c4e4bc14-d404-44f5-86c0-f37b8de4cbe8"
        value="sakuda"
      >
        sakuda
      </WithStyles(ForwardRef(MenuItem))>
      <WithStyles(ForwardRef(MenuItem))
        key="4a0d26bf-5d0f-4368-8e29-991e35fcae92"
        value="nidur"
      >
        nidur
      </WithStyles(ForwardRef(MenuItem))>
      <WithStyles(ForwardRef(MenuItem))
        key="755aec30-74ae-49ed-8a8d-bfcdb34022f9"
        value="bo-bo - bobora"
      >
        bo-bo - bobora
      </WithStyles(ForwardRef(MenuItem))>
      <WithStyles(ForwardRef(MenuItem))
        key="13616c8e-2904-4169-85c1-1d00104efbec"
        value="sisi"
      >
        sisi
      </WithStyles(ForwardRef(MenuItem))>
      <WithStyles(ForwardRef(MenuItem))
        key="ef946ed1-197c-4a6a-a661-47a39da2ae61"
        value="mokita"
      >
        mokita
      </WithStyles(ForwardRef(MenuItem))>
      <WithStyles(ForwardRef(MenuItem))
        key="ce3c5e00-fd32-488c-8833-33af7737ed02"
        value="surra"
      >
        surra
      </WithStyles(ForwardRef(MenuItem))>
      <WithStyles(ForwardRef(MenuItem))
        key="42934035-be05-45be-8df5-bb6f4793ee59"
        value="kapurr"
      >
        kapurr
      </WithStyles(ForwardRef(MenuItem))>
      <WithStyles(ForwardRef(MenuItem))
        key="8ca590c0-e539-4afa-beee-024a64e62e3b"
        value="keber"
      >
        keber
      </WithStyles(ForwardRef(MenuItem))>
      <WithStyles(ForwardRef(MenuItem))
        key="71009b3f-145d-4d9b-ac02-f5a4fb0f05f2"
        value="burkuku"
      >
        burkuku
      </WithStyles(ForwardRef(MenuItem))>
      <WithStyles(ForwardRef(MenuItem))
        key="67d38b38-065c-4e56-9420-9d3a554dec67"
        value="imama"
      >
        imama
      </WithStyles(ForwardRef(MenuItem))>
      <WithStyles(ForwardRef(MenuItem))
        key="a6baeef3-5972-455f-b554-988bb1e84322"
        value="dama"
      >
        dama
      </WithStyles(ForwardRef(MenuItem))>
      <WithStyles(ForwardRef(MenuItem))
        key="11f9e24d-8962-408d-b557-0521c131c04e"
        value="akoso"
      >
        akoso
      </WithStyles(ForwardRef(MenuItem))>
      <WithStyles(ForwardRef(MenuItem))
        key="924673b1-d9eb-45a9-bd7b-26d4d1c04219"
        value="ibana"
      >
        ibana
      </WithStyles(ForwardRef(MenuItem))>
      <WithStyles(ForwardRef(MenuItem))
        key="ee0d4bf9-d29c-43fb-a303-36b3d9d94dcd"
        value="pinoso-artona"
      >
        pinoso-artona
      </WithStyles(ForwardRef(MenuItem))>
      <WithStyles(ForwardRef(MenuItem))
        key="d9f40d21-fbfb-4537-a9ea-a19d6d0469f1"
        value="ichur"
      >
        ichur
      </WithStyles(ForwardRef(MenuItem))>
      <WithStyles(ForwardRef(MenuItem))
        key="14aed41d-eb7d-42eb-ad60-4aca50b53834"
        value="bokor"
      >
        bokor
      </WithStyles(ForwardRef(MenuItem))>
      <WithStyles(ForwardRef(MenuItem))
        key="d04b7aa6-e653-4093-bf03-d675d1a2e22c"
        value="kooro"
      >
        kooro
      </WithStyles(ForwardRef(MenuItem))>
      <WithStyles(ForwardRef(MenuItem))
        key="5abc3ecf-e2bc-4763-893b-eabc63116c3e"
        value="bania"
      >
        bania
      </WithStyles(ForwardRef(MenuItem))>
      <WithStyles(ForwardRef(MenuItem))
        key="9c8f0955-af59-4948-87be-01c178d8139e"
        value="eoro"
      >
        eoro
      </WithStyles(ForwardRef(MenuItem))>
      <WithStyles(ForwardRef(MenuItem))
        key="2e617efc-c572-4595-830c-8a6307139d76"
        value="auko"
      >
        auko
      </WithStyles(ForwardRef(MenuItem))>
      <WithStyles(ForwardRef(MenuItem))
        key="c26f5118-9a97-4111-aa04-b7f440f606d2"
        value="jaripua"
      >
        jaripua
      </WithStyles(ForwardRef(MenuItem))>
      <WithStyles(ForwardRef(MenuItem))
        key="ecb710aa-0551-4132-a700-57abf1994ade"
        value="umada"
      >
        umada
      </WithStyles(ForwardRef(MenuItem))>
      <WithStyles(ForwardRef(MenuItem))
        key="d6be30d3-5413-40fd-a6f4-a033495ff973"
        value="jedako"
      >
        jedako
      </WithStyles(ForwardRef(MenuItem))>
      <WithStyles(ForwardRef(MenuItem))
        key="7407e62e-7bb8-4801-906f-479c957da47a"
        value="kui"
      >
        kui
      </WithStyles(ForwardRef(MenuItem))>
      <WithStyles(ForwardRef(MenuItem))
        key="8cea8d29-77ed-447b-b3b7-fd39b094ffcf"
        value="juriara"
      >
        juriara
      </WithStyles(ForwardRef(MenuItem))>
      <WithStyles(ForwardRef(MenuItem))
        key="c2951afd-2441-473f-8d90-a5bca4ec0f8f"
        value="iuma"
      >
        iuma
      </WithStyles(ForwardRef(MenuItem))>
      <WithStyles(ForwardRef(MenuItem))
        key="3502060d-9c0c-477c-9c7f-af014b68da54"
        value="ba-jaa"
      >
        ba-jaa
      </WithStyles(ForwardRef(MenuItem))>
      <WithStyles(ForwardRef(MenuItem))
        key="37976fc1-bdab-49c5-a3e1-bc889eb790ba"
        value="fosterrea"
      >
        fosterrea
      </WithStyles(ForwardRef(MenuItem))>
      <WithStyles(ForwardRef(MenuItem))
        key="2c3daac8-5fcd-4cfc-af1c-43831da1349e"
        value="bakuru"
      >
        bakuru
      </WithStyles(ForwardRef(MenuItem))>
      <WithStyles(ForwardRef(MenuItem))
        key="51f4f50f-6b0b-4173-94d1-6a696deb2a68"
        value="sirua"
      >
        sirua
      </WithStyles(ForwardRef(MenuItem))>
      <WithStyles(ForwardRef(MenuItem))
        key="5e8dcbe3-b0f5-4754-94eb-e2b8ef0e4736"
        value="mode"
      >
        mode
      </WithStyles(ForwardRef(MenuItem))>
      <WithStyles(ForwardRef(MenuItem))
        key="f74bd8be-96e2-469f-977c-fa136136f416"
        value="mokara"
      >
        mokara
      </WithStyles(ForwardRef(MenuItem))>
      <WithStyles(ForwardRef(MenuItem))
        key="8e5a4c8e-50a7-41dc-89ae-9b63989830b3"
        value="do-o"
      >
        do-o
      </WithStyles(ForwardRef(MenuItem))>
      <WithStyles(ForwardRef(MenuItem))
        key="de4c6c0d-15cc-4c25-8b5a-531c2be4c0e5"
        value="juasibadaura"
      >
        juasibadaura
      </WithStyles(ForwardRef(MenuItem))>
      <WithStyles(ForwardRef(MenuItem))
        key="4f5fa904-d53a-4d16-a693-d3380414bff4"
        value="aba"
      >
        aba
      </WithStyles(ForwardRef(MenuItem))>
      <WithStyles(ForwardRef(MenuItem))
        key="99babaa1-b268-4ce9-a26a-fa1de4761e74"
        value="ome"
      >
        ome
      </WithStyles(ForwardRef(MenuItem))>
      <WithStyles(ForwardRef(MenuItem))
        key="787eea62-675f-405b-bb6e-888e8e1d8520"
        value="obea"
      >
        obea
      </WithStyles(ForwardRef(MenuItem))>
      <WithStyles(ForwardRef(MenuItem))
        key="c89beb94-169d-4524-98d3-2c7377138e18"
        value="kimare"
      >
        kimare
      </WithStyles(ForwardRef(MenuItem))>
      <WithStyles(ForwardRef(MenuItem))
        key="f44950fe-39de-470b-9e7e-fde1c811b9ab"
        value="jua aba"
      >
        jua aba
      </WithStyles(ForwardRef(MenuItem))>
      <WithStyles(ForwardRef(MenuItem))
        key="52c12dde-c31a-4b15-a6a8-75511a8e5c8a"
        value="jua aba aba"
      >
        jua aba aba
      </WithStyles(ForwardRef(MenuItem))>
      <WithStyles(ForwardRef(MenuItem))
        key="43a0099d-c795-48a2-a4f9-317d51c34da8"
        value="jua aba ome"
      >
        jua aba ome
      </WithStyles(ForwardRef(MenuItem))>
      <WithStyles(ForwardRef(MenuItem))
        key="5dda4f8c-edf3-4d64-a5fe-c09ea1b9e2ea"
        value="jua aba obea"
      >
        jua aba obea
      </WithStyles(ForwardRef(MenuItem))>
      <WithStyles(ForwardRef(MenuItem))
        key="93c2163a-8d73-4dd7-b352-6563aebbd464"
        value="jua aba kimare"
      >
        jua aba kimare
      </WithStyles(ForwardRef(MenuItem))>
      <WithStyles(ForwardRef(MenuItem))
        key="0c05d398-7084-4fcc-8b31-001c850f5446"
        value="juaome"
      >
        juaome
      </WithStyles(ForwardRef(MenuItem))>
      <WithStyles(ForwardRef(MenuItem))
        key="8c91a35b-e5a8-4393-b32d-d2c8f13f6238"
        value="purubadau"
      >
        purubadau
      </WithStyles(ForwardRef(MenuItem))>
      <WithStyles(ForwardRef(MenuItem))
        key="72089a88-a54e-42e2-bce2-471bc8d45164"
        value="kuara"
      >
        kuara
      </WithStyles(ForwardRef(MenuItem))>
      <WithStyles(ForwardRef(MenuItem))
        key="239df1ea-61a7-4bd2-82be-6ef22e09a9bb"
        value="puria"
      >
        puria
      </WithStyles(ForwardRef(MenuItem))>
      <WithStyles(ForwardRef(MenuItem))
        key="2e9bbdbd-41fc-418f-b8e8-538349e5d4bc"
        value="para"
      >
        para
      </WithStyles(ForwardRef(MenuItem))>
      <WithStyles(ForwardRef(MenuItem))
        key="7df7dfce-118a-471a-9d3a-2b2bb6b389be"
        value="pabara"
      >
        pabara
      </WithStyles(ForwardRef(MenuItem))>
      <WithStyles(ForwardRef(MenuItem))
        key="40eb0b23-60ec-46b6-9a34-c1dc2ac0c894"
        value="pupuria"
      >
        pupuria
      </WithStyles(ForwardRef(MenuItem))>
      <WithStyles(ForwardRef(MenuItem))
        key="7ecf208e-66cd-419b-8561-253d805c4fe2"
        value="kukuara"
      >
        kukuara
      </WithStyles(ForwardRef(MenuItem))>
      <WithStyles(ForwardRef(MenuItem))
        key="ad46ab5a-1376-44b1-915a-eeb08d10d9a8"
        value="parraba"
      >
        parraba
      </WithStyles(ForwardRef(MenuItem))>
      <WithStyles(ForwardRef(MenuItem))
        key="48490011-9f80-4bbd-8c5d-1d1aa58ed8cd"
        value="torroa"
      >
        torroa
      </WithStyles(ForwardRef(MenuItem))>
      <WithStyles(ForwardRef(MenuItem))
        key="a7bd748c-08c1-49d4-9058-6f8b73798beb"
        value="papara"
      >
        papara
      </WithStyles(ForwardRef(MenuItem))>
      <WithStyles(ForwardRef(MenuItem))
        key="0b940de2-ab18-49fe-ab24-c8be504592ec"
        value="eberakakua"
      >
        eberakakua
      </WithStyles(ForwardRef(MenuItem))>
      <WithStyles(ForwardRef(MenuItem))
        key="45810cbb-65ae-41b0-a337-abde86d7a8a6"
        value="buda"
      >
        buda
      </WithStyles(ForwardRef(MenuItem))>
      <WithStyles(ForwardRef(MenuItem))
        key="af55be93-68a7-4fcf-84d3-7356c8814650"
        value="boro"
      >
        boro
      </WithStyles(ForwardRef(MenuItem))>
      <WithStyles(ForwardRef(MenuItem))
        key="ad0aca15-3395-4453-b6d5-6133a76601d6"
        value="kuru"
      >
        kuru
      </WithStyles(ForwardRef(MenuItem))>
      <WithStyles(ForwardRef(MenuItem))
        key="a97cfd9b-a5e2-4685-b06d-3fe1a12f8ff5"
        value="kuruchobea"
      >
        kuruchobea
      </WithStyles(ForwardRef(MenuItem))>
      <WithStyles(ForwardRef(MenuItem))
        key="ddd77d06-652e-44aa-be7a-15b7a6e570ba"
        value="kindar"
      >
        kindar
      </WithStyles(ForwardRef(MenuItem))>
      <WithStyles(ForwardRef(MenuItem))
        key="d47f6917-4fca-4c1d-9ddd-dec8f36ee447"
        value="uridar"
      >
        uridar
      </WithStyles(ForwardRef(MenuItem))>
      <WithStyles(ForwardRef(MenuItem))
        key="54966056-0682-486d-8e97-f6cd36b9e61b"
        value="dau"
      >
        dau
      </WithStyles(ForwardRef(MenuItem))>
      <WithStyles(ForwardRef(MenuItem))
        key="c549bd14-166e-4a0e-981a-29b453f71201"
        value="dauburukara"
      >
        dauburukara
      </WithStyles(ForwardRef(MenuItem))>
      <WithStyles(ForwardRef(MenuItem))
        key="7aa4d30a-ad13-417c-b563-541928411bf5"
        value="kuu"
      >
        kuu
      </WithStyles(ForwardRef(MenuItem))>
      <WithStyles(ForwardRef(MenuItem))
        key="2c843f5f-5704-4e42-8cd9-c8eaf05c22a9"
        value="i"
      >
        i
      </WithStyles(ForwardRef(MenuItem))>
      <WithStyles(ForwardRef(MenuItem))
        key="2fdd4af6-8772-4a23-b302-474c7131765b"
        value="kida"
      >
        kida
      </WithStyles(ForwardRef(MenuItem))>
      <WithStyles(ForwardRef(MenuItem))
        key="ec8e55ad-971e-4033-8c1a-655b3d5629f5"
        value="kerame"
      >
        kerame
      </WithStyles(ForwardRef(MenuItem))>
      <WithStyles(ForwardRef(MenuItem))
        key="afbec955-fc23-4eea-ba98-3871631cf3ba"
        value="osta"
      >
        osta
      </WithStyles(ForwardRef(MenuItem))>
      <WithStyles(ForwardRef(MenuItem))
        key="d1af7873-1c16-4c5d-bef5-06aa573e91e7"
        value="Okia"
      >
        Okia
      </WithStyles(ForwardRef(MenuItem))>
      <WithStyles(ForwardRef(MenuItem))
        key="f190a289-8826-4c5f-9a89-e85d49c47497"
        value="jua"
      >
        jua
      </WithStyles(ForwardRef(MenuItem))>
      <WithStyles(ForwardRef(MenuItem))
        key="c182c842-ddce-4f27-b3cb-3ce46f95d51f"
        value="juajomini"
      >
        juajomini
      </WithStyles(ForwardRef(MenuItem))>
      <WithStyles(ForwardRef(MenuItem))
        key="07c10cc3-dfbe-47b9-9c63-b01ffb6b960a"
        value="juapisii"
      >
        juapisii
      </WithStyles(ForwardRef(MenuItem))>
      <WithStyles(ForwardRef(MenuItem))
        key="9d570509-1190-4d4b-a637-225c57abf105"
        value="juu"
      >
        juu
      </WithStyles(ForwardRef(MenuItem))>
      <WithStyles(ForwardRef(MenuItem))
        key="ef0dc482-009f-4bed-b140-b55e5a3be2f8"
        value="bii"
      >
        bii
      </WithStyles(ForwardRef(MenuItem))>
      <WithStyles(ForwardRef(MenuItem))
        key="4ccaaf9b-0459-45c5-9228-57f8c05eb45c"
        value="kumua"
      >
        kumua
      </WithStyles(ForwardRef(MenuItem))>
      <WithStyles(ForwardRef(MenuItem))
        key="691a07e5-119d-4cab-8866-26d050281b8e"
        value="kurr"
      >
        kurr
      </WithStyles(ForwardRef(MenuItem))>
      <WithStyles(ForwardRef(MenuItem))
        key="fc408f9a-2d5e-475a-b2bf-33d32b698c15"
        value="mee"
      >
        mee
      </WithStyles(ForwardRef(MenuItem))>
      <WithStyles(ForwardRef(MenuItem))
        key="78725ac9-cf9e-400d-b992-3d216b1a80a7"
        value="kee"
      >
        kee
      </WithStyles(ForwardRef(MenuItem))>
      <WithStyles(ForwardRef(MenuItem))
        key="95cdc186-fc3f-4ba7-8d4d-4fd8978410af"
        value="bakara"
      >
        bakara
      </WithStyles(ForwardRef(MenuItem))>
      <WithStyles(ForwardRef(MenuItem))
        key="9de7d934-d2c2-4042-8b1f-1e8f3b775097"
        value="odar"
      >
        odar
      </WithStyles(ForwardRef(MenuItem))>
      <WithStyles(ForwardRef(MenuItem))
        key="8a816c43-46f3-46fb-92d0-b2a19bdcd4c7"
        value="juru"
      >
        juru
      </WithStyles(ForwardRef(MenuItem))>
      <WithStyles(ForwardRef(MenuItem))
        key="19f346f2-23c6-45d0-bb39-1a760dd9eb4b"
        value="jurujomini"
      >
        jurujomini
      </WithStyles(ForwardRef(MenuItem))>
      <WithStyles(ForwardRef(MenuItem))
        key="9a3109c8-a7fc-499f-a7cd-a5487a3280db"
        value="jurupisii"
      >
        jurupisii
      </WithStyles(ForwardRef(MenuItem))>
      <WithStyles(ForwardRef(MenuItem))
        key="1322381a-a97e-495f-b987-f84e0ca68601"
        value="Chikora"
      >
        Chikora
      </WithStyles(ForwardRef(MenuItem))>
      <WithStyles(ForwardRef(MenuItem))
        key="020baf87-4a94-4297-a834-c580dda3adc6"
        value="kiuru"
      >
        kiuru
      </WithStyles(ForwardRef(MenuItem))>
      <WithStyles(ForwardRef(MenuItem))
        key="b416d24b-b1da-4267-b89f-ba891572523e"
        value="duce"
      >
        duce
      </WithStyles(ForwardRef(MenuItem))>
      <WithStyles(ForwardRef(MenuItem))
        key="38072274-9a49-4291-8db5-6f651c8529c6"
        value="taa"
      >
        taa
      </WithStyles(ForwardRef(MenuItem))>
      <WithStyles(ForwardRef(MenuItem))
        key="1a9a5b35-9726-45bc-82da-1daa4f4ba7cd"
        value="umu"
      >
        umu
      </WithStyles(ForwardRef(MenuItem))>
      <WithStyles(ForwardRef(MenuItem))
        key="fe0d12e9-69e5-47f1-810e-ca832f3e46fc"
        value="kiasu"
      >
        kiasu
      </WithStyles(ForwardRef(MenuItem))>
      <WithStyles(ForwardRef(MenuItem))
        key="2c9d5ea9-e931-44bd-a550-e149a7e24b74"
        value="pada kuchia"
      >
        pada kuchia
      </WithStyles(ForwardRef(MenuItem))>
      <WithStyles(ForwardRef(MenuItem))
        key="a8dfab7c-e4f1-4c5b-9a4f-cb3670091e81"
        value="mateka"
      >
        mateka
      </WithStyles(ForwardRef(MenuItem))>
      <WithStyles(ForwardRef(MenuItem))
        key="db5e92b8-1077-421d-97ba-2963be3fff86"
        value="Dairaubadaura"
      >
        Dairaubadaura
      </WithStyles(ForwardRef(MenuItem))>
      <WithStyles(ForwardRef(MenuItem))
        key="278d7cee-53eb-48d9-bf62-6a908080baf5"
        value="kape"
      >
        kape
      </WithStyles(ForwardRef(MenuItem))>
      <WithStyles(ForwardRef(MenuItem))
        key="4324493d-d089-4b43-9146-ac740911a846"
        value="iuka"
      >
        iuka
      </WithStyles(ForwardRef(MenuItem))>
      <WithStyles(ForwardRef(MenuItem))
        key="6e6a24ef-7475-4fd2-a000-e3534c4741a9"
        value="so-so"
      >
        so-so
      </WithStyles(ForwardRef(MenuItem))>
      <WithStyles(ForwardRef(MenuItem))
        key="00510717-8827-46fb-aa1a-72d703521599"
        value="kaa"
      >
        kaa
      </WithStyles(ForwardRef(MenuItem))>
      <WithStyles(ForwardRef(MenuItem))
        key="b1a7613f-6bc4-4e78-be52-9ce3c836367e"
        value="kakawa"
      >
        kakawa
      </WithStyles(ForwardRef(MenuItem))>
      <WithStyles(ForwardRef(MenuItem))
        key="4473133d-75d8-42d3-a035-6c6186978d1d"
        value="beoo"
      >
        beoo
      </WithStyles(ForwardRef(MenuItem))>
      <WithStyles(ForwardRef(MenuItem))
        key="83864a27-22f1-41d7-837d-b8c3374bfa0d"
        value="pada"
      >
        pada
      </WithStyles(ForwardRef(MenuItem))>
      <WithStyles(ForwardRef(MenuItem))
        key="76c50e00-30cd-4bb0-ab0d-f330468fa628"
        value="bee"
      >
        bee
      </WithStyles(ForwardRef(MenuItem))>
      <WithStyles(ForwardRef(MenuItem))
        key="57e6a890-1531-4ef7-b24e-27d2fdf5a75b"
        value="narasino"
      >
        narasino
      </WithStyles(ForwardRef(MenuItem))>
      <WithStyles(ForwardRef(MenuItem))
        key="1a635d8a-a743-4e7d-8038-74d8a27ff7a4"
        value="narasino"
      >
        narasino
      </WithStyles(ForwardRef(MenuItem))>
      <WithStyles(ForwardRef(MenuItem))
        key="13eaf933-3b1e-4350-8c98-d675685ee0b6"
        value="Dachiakaaduanabadaura"
      >
        Dachiakaaduanabadaura
      </WithStyles(ForwardRef(MenuItem))>
      <WithStyles(ForwardRef(MenuItem))
        key="95b97887-0ba5-4979-b50a-d1ae97b4d2a1"
        value="jaubadau"
      >
        jaubadau
      </WithStyles(ForwardRef(MenuItem))>
      <WithStyles(ForwardRef(MenuItem))
        key="9778a3cb-04f9-4f5a-9295-93c17ecf6edd"
        value="ataubadau"
      >
        ataubadau
      </WithStyles(ForwardRef(MenuItem))>
      <WithStyles(ForwardRef(MenuItem))
        key="4cc8524e-9f24-4c91-b81d-82f0b10c823e"
        value="kuda"
      >
        kuda
      </WithStyles(ForwardRef(MenuItem))>
      <WithStyles(ForwardRef(MenuItem))
        key="7b1cd624-59db-4eab-b36f-c66e3730be1b"
        value="neataubadau"
      >
        neataubadau
      </WithStyles(ForwardRef(MenuItem))>
      <WithStyles(ForwardRef(MenuItem))
        key="adba4732-52a5-4930-99f5-f79b701578fb"
        value="ochiaedabubadau"
      >
        ochiaedabubadau
      </WithStyles(ForwardRef(MenuItem))>
      <WithStyles(ForwardRef(MenuItem))
        key="90d403dc-fe4d-4139-98e9-4feb055e421b"
        value="bubadau"
      >
        bubadau
      </WithStyles(ForwardRef(MenuItem))>
      <WithStyles(ForwardRef(MenuItem))
        key="b207a470-74b7-484b-9415-c690b74091f8"
        value="kusar"
      >
        kusar
      </WithStyles(ForwardRef(MenuItem))>
      <WithStyles(ForwardRef(MenuItem))
        key="ecfc463f-cc4d-4e47-844f-9abf63c71d76"
        value="tobari"
      >
        tobari
      </WithStyles(ForwardRef(MenuItem))>
      <WithStyles(ForwardRef(MenuItem))
        key="6646bf8a-603a-4265-b1b6-07a3f3cd1393"
        value="neko"
      >
        neko
      </WithStyles(ForwardRef(MenuItem))>
      <WithStyles(ForwardRef(MenuItem))
        key="6d19ae90-e3ad-46e0-8df9-4f1aeeab5808"
        value="merpebari"
      >
        merpebari
      </WithStyles(ForwardRef(MenuItem))>
      <WithStyles(ForwardRef(MenuItem))
        key="911250d5-953a-4c13-b4fd-31583efd2ecf"
        value="tuibari"
      >
        tuibari
      </WithStyles(ForwardRef(MenuItem))>
      <WithStyles(ForwardRef(MenuItem))
        key="9d1aac3f-932b-4345-b458-112ea94312d0"
        value="jemenedebadau"
      >
        jemenedebadau
      </WithStyles(ForwardRef(MenuItem))>
      <WithStyles(ForwardRef(MenuItem))
        key="749d9ad3-5712-497e-96bc-26a2a8e39b4b"
        value="paru"
      >
        paru
      </WithStyles(ForwardRef(MenuItem))>
      <WithStyles(ForwardRef(MenuItem))
        key="ae1b077c-b1ea-49c5-9dcb-31de5f7316a3"
        value="Aidai"
      >
        Aidai
      </WithStyles(ForwardRef(MenuItem))>
      <WithStyles(ForwardRef(MenuItem))
        key="4bd96cc4-e984-4a4b-8698-9674141c512a"
        value="Burui"
      >
        Burui
      </WithStyles(ForwardRef(MenuItem))>
      <WithStyles(ForwardRef(MenuItem))
        key="1a19adf6-cc21-4cf1-8e77-93223e0370b1"
        value="Ewai"
      >
        Ewai
      </WithStyles(ForwardRef(MenuItem))>
      <WithStyles(ForwardRef(MenuItem))
        key="67bdabf3-3c37-49bd-b202-5f8934a5aebb"
        value="Kiriai"
      >
        Kiriai
      </WithStyles(ForwardRef(MenuItem))>
      <WithStyles(ForwardRef(MenuItem))
        key="f4460511-1866-4439-bdb3-bfc275edc8db"
        value="andai"
      >
        andai
      </WithStyles(ForwardRef(MenuItem))>
      <WithStyles(ForwardRef(MenuItem))
        key="5c06effc-16f7-4ec5-90ed-ad863dff0293"
        value="Iñai"
      >
        Iñai
      </WithStyles(ForwardRef(MenuItem))>
      <WithStyles(ForwardRef(MenuItem))
        key="deab7174-6176-4b1a-8f14-d073c71605b5"
        value="Jindrui"
      >
        Jindrui
      </WithStyles(ForwardRef(MenuItem))>
      <WithStyles(ForwardRef(MenuItem))
        key="3f5a20fe-9c7a-4637-954f-c527fcb80800"
        value="Kuii"
      >
        Kuii
      </WithStyles(ForwardRef(MenuItem))>
      <WithStyles(ForwardRef(MenuItem))
        key="dc5849af-8c8b-40d7-b03f-55b791f7991b"
        value="Koi"
      >
        Koi
      </WithStyles(ForwardRef(MenuItem))>
      <WithStyles(ForwardRef(MenuItem))
        key="ec6edfc3-9d70-456a-90fd-01769ff0a8e2"
        value="karii"
      >
        karii
      </WithStyles(ForwardRef(MenuItem))>
      <WithStyles(ForwardRef(MenuItem))
        key="3695d859-2ba2-4f97-bb03-fdeabe3b99db"
        value="Toi"
      >
        Toi
      </WithStyles(ForwardRef(MenuItem))>
      <WithStyles(ForwardRef(MenuItem))
        key="bfbb1f3b-8dc9-4503-93f5-5d63c575b6bf"
        value="Adaui"
      >
        Adaui
      </WithStyles(ForwardRef(MenuItem))>
      <WithStyles(ForwardRef(MenuItem))
        key="e7a92602-04ec-4723-995d-28dd12e64479"
        value="Ui"
      >
        Ui
      </WithStyles(ForwardRef(MenuItem))>
      <WithStyles(ForwardRef(MenuItem))
        key="00b0437b-085b-40fe-b468-4dc0e3675d73"
        value="Pirai"
      >
        Pirai
      </WithStyles(ForwardRef(MenuItem))>
      <WithStyles(ForwardRef(MenuItem))
        key="421c247a-0426-430c-a8a9-4fefed771432"
        value="juai"
      >
        juai
      </WithStyles(ForwardRef(MenuItem))>
      <WithStyles(ForwardRef(MenuItem))
        key="cb373d11-f632-486c-9194-faf7dd05018d"
        value="Eboroi"
      >
        Eboroi
      </WithStyles(ForwardRef(MenuItem))>
      <WithStyles(ForwardRef(MenuItem))
        key="3379824f-80ef-41bc-9fdc-6cd6abc81e2b"
        value="Wasiai"
      >
        Wasiai
      </WithStyles(ForwardRef(MenuItem))>
      <WithStyles(ForwardRef(MenuItem))
        key="f272810f-3de0-4a9b-bff2-b0e4aa807211"
        value="Chunpeai"
      >
        Chunpeai
      </WithStyles(ForwardRef(MenuItem))>
      <WithStyles(ForwardRef(MenuItem))
        key="0eca8218-10a3-4c6f-8f26-42d830120a8c"
        value="Kapirui"
      >
        Kapirui
      </WithStyles(ForwardRef(MenuItem))>
      <WithStyles(ForwardRef(MenuItem))
        key="6c395a79-eee1-4085-8a6e-4640d975464e"
        value="Chui"
      >
        Chui
      </WithStyles(ForwardRef(MenuItem))>
      <WithStyles(ForwardRef(MenuItem))
        key="cdc098c7-1d7b-4c64-a93d-e25aea30ce9a"
        value="Nedoi"
      >
        Nedoi
      </WithStyles(ForwardRef(MenuItem))>
      <WithStyles(ForwardRef(MenuItem))
        key="fc290196-55b7-4afa-877d-7af2e0e50f64"
        value="Panaui"
      >
        Panaui
      </WithStyles(ForwardRef(MenuItem))>
      <WithStyles(ForwardRef(MenuItem))
        key="13125a8d-b2b3-40db-b413-0e069f325008"
        value="Kurai"
      >
        Kurai
      </WithStyles(ForwardRef(MenuItem))>
      <WithStyles(ForwardRef(MenuItem))
        key="f7892fbe-5893-4128-9990-ee35300ca5c3"
        value="deai"
      >
        deai
      </WithStyles(ForwardRef(MenuItem))>
      <WithStyles(ForwardRef(MenuItem))
        key="72f4decc-5d03-4438-bd1c-00deb6ee9c93"
        value="buii"
      >
        buii
      </WithStyles(ForwardRef(MenuItem))>
      <WithStyles(ForwardRef(MenuItem))
        key="b20bf233-cece-4913-8700-2da41a56e6d7"
        value="urmai"
      >
        urmai
      </WithStyles(ForwardRef(MenuItem))>
      <WithStyles(ForwardRef(MenuItem))
        key="64d4b343-3425-436f-9593-a1b013c17870"
        value="Kaibei"
      >
        Kaibei
      </WithStyles(ForwardRef(MenuItem))>
      <WithStyles(ForwardRef(MenuItem))
        key="a9808259-5ed1-4fd9-ad19-3985db179d6b"
        value="Koai"
      >
        Koai
      </WithStyles(ForwardRef(MenuItem))>
      <WithStyles(ForwardRef(MenuItem))
        key="03404956-b5a4-4287-bfe7-6201edfffc84"
        value="Unui"
      >
        Unui
      </WithStyles(ForwardRef(MenuItem))>
      <WithStyles(ForwardRef(MenuItem))
        key="abe25633-5271-4c81-aae5-85d9b77b9aa3"
        value="Kirui"
      >
        Kirui
      </WithStyles(ForwardRef(MenuItem))>
      <WithStyles(ForwardRef(MenuItem))
        key="0b7c15b3-8a5d-4b16-b891-fcc8fc3aee1f"
        value="Kurasai"
      >
        Kurasai
      </WithStyles(ForwardRef(MenuItem))>
      <WithStyles(ForwardRef(MenuItem))
        key="ed6b3535-4860-4d8f-b3f9-dd2c0250bb51"
        value="Mirui"
      >
        Mirui
      </WithStyles(ForwardRef(MenuItem))>
      <WithStyles(ForwardRef(MenuItem))
        key="d5766470-8888-4f31-bf96-d7d250e66df6"
        value="Bui"
      >
        Bui
      </WithStyles(ForwardRef(MenuItem))>
      <WithStyles(ForwardRef(MenuItem))
        key="4c5481d3-e334-4ebc-bc43-a5f48071a0cc"
        value="Urii"
      >
        Urii
      </WithStyles(ForwardRef(MenuItem))>
      <WithStyles(ForwardRef(MenuItem))
        key="6ea23472-992c-4bd9-b599-a165a967c893"
        value="Bedeai"
      >
        Bedeai
      </WithStyles(ForwardRef(MenuItem))>
      <WithStyles(ForwardRef(MenuItem))
        key="63a0ea45-6bcb-49ab-beaa-9d612123562b"
        value="Bakai"
      >
        Bakai
      </WithStyles(ForwardRef(MenuItem))>
      <WithStyles(ForwardRef(MenuItem))
        key="779f4537-0c72-43d5-b601-96eb50d85060"
        value="Jarai"
      >
        Jarai
      </WithStyles(ForwardRef(MenuItem))>
      <WithStyles(ForwardRef(MenuItem))
        key="61f0ae18-d348-4b6b-bbbc-531102d03f2a"
        value="Waii"
      >
        Waii
      </WithStyles(ForwardRef(MenuItem))>
      <WithStyles(ForwardRef(MenuItem))
        key="887220cc-0bc8-4861-854b-2ed346ce0098"
        value="Jerai"
      >
        Jerai
      </WithStyles(ForwardRef(MenuItem))>
      <WithStyles(ForwardRef(MenuItem))
        key="90189e97-24da-4bee-b4fe-138ca0109f56"
        value="Leai"
      >
        Leai
      </WithStyles(ForwardRef(MenuItem))>
      <WithStyles(ForwardRef(MenuItem))
        key="6e337126-1b90-4c3d-8351-1cd19f6e0654"
        value="Iui"
      >
        Iui
      </WithStyles(ForwardRef(MenuItem))>
      <WithStyles(ForwardRef(MenuItem))
        key="25a8188f-153f-46f4-9a4b-617ae7c9e106"
        value="Nei"
      >
        Nei
      </WithStyles(ForwardRef(MenuItem))>
      <WithStyles(ForwardRef(MenuItem))
        key="109428f5-41ba-4c41-9c44-9745c81fa147"
        value="Adoi"
      >
        Adoi
      </WithStyles(ForwardRef(MenuItem))>
      <WithStyles(ForwardRef(MenuItem))
        key="b7466075-cc0b-4327-ba3a-1bba921e8649"
        value="Jeai"
      >
        Jeai
      </WithStyles(ForwardRef(MenuItem))>
      <WithStyles(ForwardRef(MenuItem))
        key="d322a888-fef0-49f2-a572-e8bc64d23b16"
        value="Ochiai"
      >
        Ochiai
      </WithStyles(ForwardRef(MenuItem))>
      <WithStyles(ForwardRef(MenuItem))
        key="cbe317ef-cdb8-49b8-90d1-60b864a3c9e3"
        value="Bekeai"
      >
        Bekeai
      </WithStyles(ForwardRef(MenuItem))>
      <WithStyles(ForwardRef(MenuItem))
        key="f4bfb5e0-87c2-451c-8857-7745dde354e6"
        value="Wakai"
      >
        Wakai
      </WithStyles(ForwardRef(MenuItem))>
      <WithStyles(ForwardRef(MenuItem))
        key="59f545f6-c169-471d-a9f6-979fd8458c84"
        value="Siwai"
      >
        Siwai
      </WithStyles(ForwardRef(MenuItem))>
    </WithStyles(ForwardRef(Select))>
  </WithStyles(ForwardRef(FormControl))>
</div>
`;
